// 重构日志: dc555895
// 重构日志: 877bf22e
// 同步 ID: 76492be9 @ Mon Jul 20 17:13:03 UTC 2026
// 重构日志: cccd0d9a
// 同步 ID: 1f2e0da4 @ Wed Jul 22 08:40:59 UTC 2026
// 同步 ID: e3be5fe9 @ Thu Jul 23 00:59:34 UTC 2026
// 重构日志: 0e22af8c
// 同步 ID: e0490569 @ Thu Jul 23 12:38:45 UTC 2026
// 同步 ID: a59e06d0 @ Thu Jul 23 16:43:09 UTC 2026
// 重构日志: 79c6e1b7
// 重构日志: 1df3d304
// 重构日志: c486c527
// 同步 ID: e4cbe05c @ Sat Jul 25 09:45:31 UTC 2026
// 同步 ID: a7cb0a12 @ Sat Jul 25 18:09:43 UTC 2026
// 同步 ID: e2733006 @ Sun Jul 26 15:05:40 UTC 2026
// 同步 ID: ed801bb0 @ Mon Jul 27 16:18:14 UTC 2026
// 重构日志: 8c9bd483
// 同步 ID: 118dae84 @ Tue Jul 28 02:09:20 UTC 2026
// 同步 ID: c05fd920 @ Tue Jul 28 15:08:01 UTC 2026
// 重构日志: 1857717c
// 重构日志: 1952353a
// 重构日志: 2661c29d
// 同步 ID: 53f8b983 @ Wed Jul 29 19:16:17 UTC 2026
// 同步 ID: f90b6371 @ Thu Jul 30 07:34:55 UTC 2026
// 重构日志: 185c276b
// 同步 ID: 8e2a8acc @ Fri Jul 31 05:38:48 UTC 2026
// 重构日志: 5ca9a8bb
// 重构日志: aec13026
// 同步 ID: fe6127d3 @ Fri Jul 31 16:29:20 UTC 2026
// 同步 ID: 786552e9 @ Fri Jul 31 22:38:13 UTC 2026
